1790471742.698997 client started (2410): version 3.0a, socket /tmp//tmux-1000/default, protocol 8
1790471742.699303 on Linux 5.15.0-139-generic #149~20.04.1-Ubuntu SMP Wed Apr 16 08:29:56 UTC 2025; libevent 2.1.11-stable (poll)
1790471742.699512 socket is /tmp//tmux-1000/default
1790471742.699689 trying connect
1790471742.699861 connect failed: No such file or directory
1790471742.700027 lock file is /tmp//tmux-1000/default.lock
1790471742.700207 flock succeeded
1790471742.700369 got lock (6)
1790471742.700536 trying connect
1790471742.700700 connect failed: No such file or directory
1790471742.701062 add peer 0x55a42eab94a0: 7 ((nil))
1790471742.702585 sending message 100 to peer 0x55a42eab94a0 (4 bytes)
1790471742.702947 sending message 101 to peer 0x55a42eab94a0 (6 bytes)
1790471742.703147 sending message 102 to peer 0x55a42eab94a0 (10 bytes)
1790471742.703334 sending message 108 to peer 0x55a42eab94a0 (29 bytes)
1790471742.703594 sending message 104 to peer 0x55a42eab94a0 (0 bytes)
1790471742.703783 sending message 107 to peer 0x55a42eab94a0 (4 bytes)
1790471742.703852 sending message 105 to peer 0x55a42eab94a0 (16 bytes)
1790471742.704005 sending message 105 to peer 0x55a42eab94a0 (16 bytes)
1790471742.704188 sending message 105 to peer 0x55a42eab94a0 (23 bytes)
1790471742.704337 sending message 105 to peer 0x55a42eab94a0 (20 bytes)
1790471742.704581 sending message 105 to peer 0x55a42eab94a0 (24 bytes)
1790471742.704741 sending message 105 to peer 0x55a42eab94a0 (15 bytes)
1790471742.704937 sending message 105 to peer 0x55a42eab94a0 (33 bytes)
1790471742.705084 sending message 105 to peer 0x55a42eab94a0 (12 bytes)
1790471742.705274 sending message 105 to peer 0x55a42eab94a0 (21 bytes)
1790471742.705424 sending message 105 to peer 0x55a42eab94a0 (15 bytes)
1790471742.705561 sending message 105 to peer 0x55a42eab94a0 (15 bytes)
1790471742.705674 sending message 105 to peer 0x55a42eab94a0 (21 bytes)
1790471742.705698 sending message 105 to peer 0x55a42eab94a0 (11 bytes)
1790471742.706098 sending message 105 to peer 0x55a42eab94a0 (1506 bytes)
1790471742.706362 sending message 105 to peer 0x55a42eab94a0 (47 bytes)
1790471742.706546 sending message 105 to peer 0x55a42eab94a0 (34 bytes)
1790471742.706854 sending message 105 to peer 0x55a42eab94a0 (23 bytes)
1790471742.707118 sending message 105 to peer 0x55a42eab94a0 (30 bytes)
1790471742.707143 sending message 105 to peer 0x55a42eab94a0 (11 bytes)
1790471742.707312 sending message 105 to peer 0x55a42eab94a0 (32 bytes)
1790471742.707532 sending message 105 to peer 0x55a42eab94a0 (9 bytes)
1790471742.707678 sending message 105 to peer 0x55a42eab94a0 (8 bytes)
1790471742.707704 sending message 105 to peer 0x55a42eab94a0 (25 bytes)
1790471742.707837 sending message 105 to peer 0x55a42eab94a0 (27 bytes)
1790471742.707959 sending message 105 to peer 0x55a42eab94a0 (11 bytes)
1790471742.708124 sending message 105 to peer 0x55a42eab94a0 (17 bytes)
1790471742.708272 sending message 105 to peer 0x55a42eab94a0 (31 bytes)
1790471742.708294 sending message 105 to peer 0x55a42eab94a0 (20 bytes)
1790471742.708312 sending message 105 to peer 0x55a42eab94a0 (23 bytes)
1790471742.708339 sending message 105 to peer 0x55a42eab94a0 (65 bytes)
1790471742.708493 sending message 105 to peer 0x55a42eab94a0 (16 bytes)
1790471742.708647 sending message 105 to peer 0x55a42eab94a0 (104 bytes)
1790471742.708836 sending message 105 to peer 0x55a42eab94a0 (54 bytes)
1790471742.709001 sending message 105 to peer 0x55a42eab94a0 (19 bytes)
1790471742.709026 sending message 105 to peer 0x55a42eab94a0 (23 bytes)
1790471742.709135 sending message 105 to peer 0x55a42eab94a0 (31 bytes)
1790471742.709413 sending message 105 to peer 0x55a42eab94a0 (16 bytes)
1790471742.709549 sending message 106 to peer 0x55a42eab94a0 (0 bytes)
1790471742.709720 sending message 200 to peer 0x55a42eab94a0 (4 bytes)
1790471742.709900 client loop enter
1790471744.632747 peer 0x55a42eab94a0 message 207
1790471744.632905 sending message 208 to peer 0x55a42eab94a0 (0 bytes)
